../Core/Src/main.c:96:6:vTask_Move_Soldado	32	static
../Core/Src/main.c:136:6:vTask_Print_Soldado	16	static
../Core/Src/main.c:146:6:vTask_Print_ValorADC	24	static
../Core/Src/main.c:493:6:StartDefaultTask	8	static
../Core/Src/main.c:86:6:HAL_ADC_ConvCpltCallback	0	static
../Core/Src/main.c:278:6:SystemClock_Config	88	static,ignoring_inline_asm
../Core/Src/main.c:166:5:main	80	static,ignoring_inline_asm
../Core/Src/main.c:514:6:HAL_TIM_PeriodElapsedCallback	0	static
../Core/Src/main.c:531:6:Error_Handler	0	static,ignoring_inline_asm
