../Core/Src/st7735.c:87:13:ST7735_Select	0	static
../Core/Src/st7735.c:101:13:ST7735_WriteCommand	16	static
../Core/Src/st7735.c:106:13:ST7735_WriteData	16	static
../Core/Src/st7735.c:111:13:ST7735_ExecuteCommandList	24	static
../Core/Src/st7735.c:137:13:ST7735_SetAddressWindow	32	static
../Core/Src/st7735.c:91:6:ST7735_Unselect	0	static
../Core/Src/st7735.c:212:6:ST7735_FillRectangle.part.0	32	static
../Core/Src/st7735.c:232:6:ST7735_FillRectangleFast.part.0	32	static
../Core/Src/st7735.c:153:6:ST7735_Init	8	static
../Core/Src/st7735.c:162:6:ST7735_DrawPixel	24	static
../Core/Src/st7735.c:175:6:ST7735_WriteChar	48	static
../Core/Src/st7735.c:198:6:ST7735_WriteString	40	static
../Core/Src/st7735.c:212:6:ST7735_FillRectangle	8	static
../Core/Src/st7735.c:232:6:ST7735_FillRectangleFast	8	static
../Core/Src/st7735.c:255:6:ST7735_FillScreen	16	static
../Core/Src/st7735.c:259:6:ST7735_FillScreenFast	16	static
../Core/Src/st7735.c:263:6:ST7735_DrawImage	24	static
../Core/Src/st7735.c:274:6:ST7735_InvertColors	8	static
../Core/Src/st7735.c:280:6:ST7735_SetGamma	16	static
../Core/Src/st7735.c:291:6:ST7735_draw_horizontal_line	24	static
../Core/Src/st7735.c:298:6:ST7735_draw_vertical_line	24	static
../Core/Src/st7735.c:307:6:ST7735_draw_figure	72	static
../Core/Src/st7735.c:341:6:ST7735_write_nr	48	static
