../Core/Src/main.c:200:6:HAL_ADC_ConvCpltCallback	16	static
../Core/Src/main.c:218:6:vTask_Contar_Tempo	16	static
../Core/Src/main.c:230:6:vTask_Display	328	static
../Core/Src/main.c:356:6:vTask_Colisao	24	static
../Core/Src/main.c:439:6:vTask_Nave_Mover	32	static
../Core/Src/main.c:529:6:vTask_Asteroide_Mover	176	static
../Core/Src/main.c:683:6:Asteroide_Construtor_Basico	16	static
../Core/Src/main.c:727:6:vTask_Tiro	96	static
../Core/Src/main.c:879:6:vTask_Placar_Vida	40	static
../Core/Src/main.c:940:6:vTask_Loop_Jogo	40	static
../Core/Src/main.c:982:6:TelaInicial	16	static
../Core/Src/main.c:997:10:Jogar	208	static
../Core/Src/main.c:1078:6:Tela_de_Morte	32	static
../Core/Src/main.c:1112:5:main	56	static
../Core/Src/main.c:1303:6:SystemClock_Config	88	static
../Core/Src/main.c:1350:13:MX_ADC1_Init	24	static
../Core/Src/main.c:1411:13:MX_SPI1_Init	8	static
../Core/Src/main.c:1447:13:MX_DMA_Init	16	static
../Core/Src/main.c:1465:13:MX_GPIO_Init	48	static
../Core/Src/main.c:1518:6:StartDefaultTask	16	static
../Core/Src/main.c:1538:6:HAL_TIM_PeriodElapsedCallback	16	static
../Core/Src/main.c:1555:6:Error_Handler	4	static,ignoring_inline_asm
